// Jest Snapshot v1, https://goo.gl/fbAQLP

exports[`Tests on LoginPage component should match snapshot 1`] = `
<div>
  <h1>
    Log in
  </h1>
  <form
    onSubmit={[Function]}
  >
    <input
      autoComplete="off"
      className="auth__input"
      name="email"
      onChange={[Function]}
      placeholder="Email"
      type="text"
      value="ortiz@mail.com"
    />
    <input
      className="auth__input"
      name="password"
      onChange={[Function]}
      placeholder="Password"
      type="password"
      value="aaroneduardo1"
    />
    <button
      className="auth__button"
      disabled={false}
    >
      <span
        className="auth__login"
      >
        Log in
      </span>
    </button>
    <hr />
    <div>
      <span>
        Or you can log in with:
      </span>
      <div
        className="google-btn"
        onClick={[Function]}
      >
        <div
          className="google-icon-wrapper"
        >
          <img
            alt="google button"
            className="google-icon"
            src="https://upload.wikimedia.org/wikipedia/commons/5/53/Google_%22G%22_Logo.svg"
          />
        </div>
        <p
          className="btn-text"
        >
          <b>
            Continue with google
          </b>
        </p>
      </div>
    </div>
    <span>
      Don't have an account?
       
      <a
        className="link"
        href="/auth/register"
        onClick={[Function]}
      >
        Sign up
      </a>
    </span>
  </form>
</div>
`;
