// Jest Snapshot v1, https://goo.gl/fbAQLP

exports[`Tests on NotePage component should match snapshot 1`] = `
<div
  className="notes__main-content"
>
  <div
    className="notes__appbar"
  >
    <span>
      Septiembre 6, 2021
    </span>
    <input
      id="fileSelector"
      name="file"
      onChange={[Function]}
      style={
        Object {
          "display": "none",
        }
      }
      type="file"
    />
    <div>
      <button
        className="btn notes__appbar-btn"
        onClick={[Function]}
      >
        Picture
      </button>
      <button
        className="btn notes__appbar-btn"
        onClick={[Function]}
      >
        Save
      </button>
      <button
        className="btn btn-danger"
        onClick={[Function]}
      >
        Delete
      </button>
    </div>
  </div>
  <div
    className="notes__content"
  >
    <input
      autoComplete="off"
      className="notes__title-input"
      name="title"
      onChange={[Function]}
      placeholder="An awesome history?"
      type="text"
      value="hola"
    />
    <textarea
      className="notes__textarea"
      name="body"
      onChange={[Function]}
      placeholder="Tell it here!"
      value="mundo"
    />
  </div>
</div>
`;
